<?xml version="1.0"?>
<link_info>
   <banner>MSP430 Linker PC v4.4.3</banner>
   <copyright>Copyright (c) 2003-2015 Texas Instruments Incorporated</copyright>
   <link_time>0x561edd4c</link_time>
   <link_errors>0x0</link_errors>
   <output_file>EPS_dev.out</output_file>
   <entry_point>
      <name>_c_int00_noargs_noexit</name>
      <address>0x84ce</address>
   </entry_point>
   <input_file_list>
      <input_file id="fl-2">
         <path>.\</path>
         <kind>object</kind>
         <file>TI_USCI_I2C_slave.obj</file>
         <name>TI_USCI_I2C_slave.obj</name>
      </input_file>
      <input_file id="fl-3">
         <path>.\</path>
         <kind>object</kind>
         <file>main.obj</file>
         <name>main.obj</name>
      </input_file>
      <input_file id="fl-32">
         <path>C:\ti\ccsv6\tools\compiler\ti-cgt-msp430_4.4.3\lib\</path>
         <kind>archive</kind>
         <file>rts430_eabi.lib</file>
         <name>boot.obj</name>
      </input_file>
      <input_file id="fl-33">
         <path>C:\ti\ccsv6\tools\compiler\ti-cgt-msp430_4.4.3\lib\</path>
         <kind>archive</kind>
         <file>rts430_eabi.lib</file>
         <name>boot_special.obj</name>
      </input_file>
      <input_file id="fl-34">
         <path>C:\ti\ccsv6\tools\compiler\ti-cgt-msp430_4.4.3\lib\</path>
         <kind>archive</kind>
         <file>rts430_eabi.lib</file>
         <name>cmpd.obj</name>
      </input_file>
      <input_file id="fl-35">
         <path>C:\ti\ccsv6\tools\compiler\ti-cgt-msp430_4.4.3\lib\</path>
         <kind>archive</kind>
         <file>rts430_eabi.lib</file>
         <name>copy_decompress_none.obj</name>
      </input_file>
      <input_file id="fl-36">
         <path>C:\ti\ccsv6\tools\compiler\ti-cgt-msp430_4.4.3\lib\</path>
         <kind>archive</kind>
         <file>rts430_eabi.lib</file>
         <name>copy_decompress_rle.obj</name>
      </input_file>
      <input_file id="fl-37">
         <path>C:\ti\ccsv6\tools\compiler\ti-cgt-msp430_4.4.3\lib\</path>
         <kind>archive</kind>
         <file>rts430_eabi.lib</file>
         <name>copy_zero_init.obj</name>
      </input_file>
      <input_file id="fl-38">
         <path>C:\ti\ccsv6\tools\compiler\ti-cgt-msp430_4.4.3\lib\</path>
         <kind>archive</kind>
         <file>rts430_eabi.lib</file>
         <name>cvtfd.obj</name>
      </input_file>
      <input_file id="fl-39">
         <path>C:\ti\ccsv6\tools\compiler\ti-cgt-msp430_4.4.3\lib\</path>
         <kind>archive</kind>
         <file>rts430_eabi.lib</file>
         <name>epilog.obj</name>
      </input_file>
      <input_file id="fl-3a">
         <path>C:\ti\ccsv6\tools\compiler\ti-cgt-msp430_4.4.3\lib\</path>
         <kind>archive</kind>
         <file>rts430_eabi.lib</file>
         <name>exit.obj</name>
      </input_file>
      <input_file id="fl-3b">
         <path>C:\ti\ccsv6\tools\compiler\ti-cgt-msp430_4.4.3\lib\</path>
         <kind>archive</kind>
         <file>rts430_eabi.lib</file>
         <name>int02.obj</name>
      </input_file>
      <input_file id="fl-3c">
         <path>C:\ti\ccsv6\tools\compiler\ti-cgt-msp430_4.4.3\lib\</path>
         <kind>archive</kind>
         <file>rts430_eabi.lib</file>
         <name>int03.obj</name>
      </input_file>
      <input_file id="fl-3d">
         <path>C:\ti\ccsv6\tools\compiler\ti-cgt-msp430_4.4.3\lib\</path>
         <kind>archive</kind>
         <file>rts430_eabi.lib</file>
         <name>int05.obj</name>
      </input_file>
      <input_file id="fl-3e">
         <path>C:\ti\ccsv6\tools\compiler\ti-cgt-msp430_4.4.3\lib\</path>
         <kind>archive</kind>
         <file>rts430_eabi.lib</file>
         <name>int08.obj</name>
      </input_file>
      <input_file id="fl-3f">
         <path>C:\ti\ccsv6\tools\compiler\ti-cgt-msp430_4.4.3\lib\</path>
         <kind>archive</kind>
         <file>rts430_eabi.lib</file>
         <name>int09.obj</name>
      </input_file>
      <input_file id="fl-40">
         <path>C:\ti\ccsv6\tools\compiler\ti-cgt-msp430_4.4.3\lib\</path>
         <kind>archive</kind>
         <file>rts430_eabi.lib</file>
         <name>int10.obj</name>
      </input_file>
      <input_file id="fl-41">
         <path>C:\ti\ccsv6\tools\compiler\ti-cgt-msp430_4.4.3\lib\</path>
         <kind>archive</kind>
         <file>rts430_eabi.lib</file>
         <name>int12.obj</name>
      </input_file>
      <input_file id="fl-42">
         <path>C:\ti\ccsv6\tools\compiler\ti-cgt-msp430_4.4.3\lib\</path>
         <kind>archive</kind>
         <file>rts430_eabi.lib</file>
         <name>int13.obj</name>
      </input_file>
      <input_file id="fl-43">
         <path>C:\ti\ccsv6\tools\compiler\ti-cgt-msp430_4.4.3\lib\</path>
         <kind>archive</kind>
         <file>rts430_eabi.lib</file>
         <name>int14.obj</name>
      </input_file>
      <input_file id="fl-44">
         <path>C:\ti\ccsv6\tools\compiler\ti-cgt-msp430_4.4.3\lib\</path>
         <kind>archive</kind>
         <file>rts430_eabi.lib</file>
         <name>isr_trap.obj</name>
      </input_file>
      <input_file id="fl-45">
         <path>C:\ti\ccsv6\tools\compiler\ti-cgt-msp430_4.4.3\lib\</path>
         <kind>archive</kind>
         <file>rts430_eabi.lib</file>
         <name>lsl16.obj</name>
      </input_file>
      <input_file id="fl-46">
         <path>C:\ti\ccsv6\tools\compiler\ti-cgt-msp430_4.4.3\lib\</path>
         <kind>archive</kind>
         <file>rts430_eabi.lib</file>
         <name>memcpy.obj</name>
      </input_file>
      <input_file id="fl-47">
         <path>C:\ti\ccsv6\tools\compiler\ti-cgt-msp430_4.4.3\lib\</path>
         <kind>archive</kind>
         <file>rts430_eabi.lib</file>
         <name>mpu_init.obj</name>
      </input_file>
      <input_file id="fl-48">
         <path>C:\ti\ccsv6\tools\compiler\ti-cgt-msp430_4.4.3\lib\</path>
         <kind>archive</kind>
         <file>rts430_eabi.lib</file>
         <name>pre_init.obj</name>
      </input_file>
      <input_file id="fl-49">
         <path>C:\ti\ccsv6\tools\compiler\ti-cgt-msp430_4.4.3\lib\</path>
         <kind>archive</kind>
         <file>rts430_eabi.lib</file>
         <name>_lock.obj</name>
      </input_file>
      <input_file id="fl-4a">
         <path>C:\ti\ccsv6\tools\compiler\ti-cgt-msp430_4.4.3\lib\</path>
         <kind>archive</kind>
         <file>rts430_eabi.lib</file>
         <name>args_main.obj</name>
      </input_file>
      <input_file id="fl-4b">
         <path>C:\ti\ccsv6\tools\compiler\ti-cgt-msp430_4.4.3\lib\</path>
         <kind>archive</kind>
         <file>rts430_eabi.lib</file>
         <name>asr16.obj</name>
      </input_file>
      <input_file id="fl-4c">
         <path>C:\ti\ccsv6\tools\compiler\ti-cgt-msp430_4.4.3\lib\</path>
         <kind>archive</kind>
         <file>rts430_eabi.lib</file>
         <name>asr32.obj</name>
      </input_file>
      <input_file id="fl-4d">
         <path>C:\ti\ccsv6\tools\compiler\ti-cgt-msp430_4.4.3\lib\</path>
         <kind>archive</kind>
         <file>rts430_eabi.lib</file>
         <name>autoinit.obj</name>
      </input_file>
   </input_file_list>
   <object_component_list>
      <object_component id="oc-110">
         <name>.common:TI_receive_callback</name>
         <uninitialized>true</uninitialized>
         <run_address>0x200</run_address>
         <size>0x2</size>
      </object_component>
      <object_component id="oc-113">
         <name>.common:TI_transmit_callback</name>
         <uninitialized>true</uninitialized>
         <run_address>0x204</run_address>
         <size>0x2</size>
      </object_component>
      <object_component id="oc-115">
         <name>.common:TI_start_callback</name>
         <uninitialized>true</uninitialized>
         <run_address>0x202</run_address>
         <size>0x2</size>
      </object_component>
      <object_component id="oc-1ab">
         <name>.common:RXData</name>
         <uninitialized>true</uninitialized>
         <run_address>0x206</run_address>
         <size>0x1</size>
      </object_component>
      <object_component id="oc-1ad">
         <name>.common:TXData</name>
         <uninitialized>true</uninitialized>
         <run_address>0x207</run_address>
         <size>0x1</size>
      </object_component>
      <object_component id="oc-88">
         <name>.stack</name>
         <uninitialized>true</uninitialized>
         <run_address>0x5b0</run_address>
         <size>0x2</size>
         <input_file_ref idref="fl-32"/>
      </object_component>
      <object_component id="oc-1ed">
         <name>.stack</name>
         <uninitialized>true</uninitialized>
         <run_address>0x5b0</run_address>
         <size>0x0</size>
      </object_component>
      <object_component id="oc-de">
         <name>.text:main</name>
         <load_address>0x8000</load_address>
         <run_address>0x8000</run_address>
         <size>0x17a</size>
         <input_file_ref idref="fl-3"/>
      </object_component>
      <object_component id="oc-139">
         <name>.text:__mspabi_cmpd</name>
         <load_address>0x817a</load_address>
         <run_address>0x817a</run_address>
         <size>0xdc</size>
         <input_file_ref idref="fl-34"/>
      </object_component>
      <object_component id="oc-12d">
         <name>.text:EPS_init</name>
         <load_address>0x8256</load_address>
         <run_address>0x8256</run_address>
         <size>0x72</size>
         <input_file_ref idref="fl-3"/>
      </object_component>
      <object_component id="oc-133">
         <name>.text:__mspabi_cvtfd</name>
         <load_address>0x82c8</load_address>
         <run_address>0x82c8</run_address>
         <size>0x68</size>
         <input_file_ref idref="fl-38"/>
      </object_component>
      <object_component id="oc-c4">
         <name>.text:_auto_init</name>
         <load_address>0x8330</load_address>
         <run_address>0x8330</run_address>
         <size>0x58</size>
         <input_file_ref idref="fl-4d"/>
      </object_component>
      <object_component id="oc-191">
         <name>.text:l_asr_const</name>
         <load_address>0x8388</load_address>
         <run_address>0x8388</run_address>
         <size>0x3e</size>
         <input_file_ref idref="fl-4c"/>
      </object_component>
      <object_component id="oc-180">
         <name>.text:TI_USCI_I2C_slaveinit</name>
         <load_address>0x83c6</load_address>
         <run_address>0x83c6</run_address>
         <size>0x32</size>
         <input_file_ref idref="fl-2"/>
      </object_component>
      <object_component id="oc-13f">
         <name>.text:updateMeasurements</name>
         <load_address>0x83f8</load_address>
         <run_address>0x83f8</run_address>
         <size>0x32</size>
         <input_file_ref idref="fl-3"/>
      </object_component>
      <object_component id="oc-ab">
         <name>.text:USCIAB0TX_ISR</name>
         <load_address>0x842a</load_address>
         <run_address>0x842a</run_address>
         <size>0x2e</size>
         <input_file_ref idref="fl-2"/>
      </object_component>
      <object_component id="oc-187">
         <name>.text</name>
         <load_address>0x8458</load_address>
         <run_address>0x8458</run_address>
         <size>0x2c</size>
         <input_file_ref idref="fl-4b"/>
      </object_component>
      <object_component id="oc-18c">
         <name>.text</name>
         <load_address>0x8484</load_address>
         <run_address>0x8484</run_address>
         <size>0x2c</size>
         <input_file_ref idref="fl-45"/>
      </object_component>
      <object_component id="oc-b1">
         <name>.text:USCIAB0RX_ISR</name>
         <load_address>0x84b0</load_address>
         <run_address>0x84b0</run_address>
         <size>0x1e</size>
         <input_file_ref idref="fl-2"/>
      </object_component>
      <object_component id="oc-64">
         <name>.text:_c_int00_noargs_noexit</name>
         <load_address>0x84ce</load_address>
         <run_address>0x84ce</run_address>
         <size>0x1a</size>
         <input_file_ref idref="fl-33"/>
      </object_component>
      <object_component id="oc-46">
         <name>.text:decompress:ZI:__TI_zero_init</name>
         <load_address>0x84e8</load_address>
         <run_address>0x84e8</run_address>
         <size>0x14</size>
         <input_file_ref idref="fl-37"/>
      </object_component>
      <object_component id="oc-174">
         <name>.text:transmit_cb</name>
         <load_address>0x84fc</load_address>
         <run_address>0x84fc</run_address>
         <size>0x12</size>
         <input_file_ref idref="fl-3"/>
      </object_component>
      <object_component id="oc-107">
         <name>.text</name>
         <load_address>0x850e</load_address>
         <run_address>0x850e</run_address>
         <size>0x10</size>
         <input_file_ref idref="fl-39"/>
      </object_component>
      <object_component id="oc-a6">
         <name>.text:_isr:__TI_ISR_TRAP</name>
         <load_address>0x851e</load_address>
         <run_address>0x851e</run_address>
         <size>0x6</size>
         <input_file_ref idref="fl-44"/>
      </object_component>
      <object_component id="oc-17a">
         <name>.text:receive_cb</name>
         <load_address>0x8524</load_address>
         <run_address>0x8524</run_address>
         <size>0x6</size>
         <input_file_ref idref="fl-3"/>
      </object_component>
      <object_component id="oc-16e">
         <name>.text:start_cb</name>
         <load_address>0x852a</load_address>
         <run_address>0x852a</run_address>
         <size>0x6</size>
         <input_file_ref idref="fl-3"/>
      </object_component>
      <object_component id="oc-be">
         <name>.text:_system_pre_init</name>
         <load_address>0x8530</load_address>
         <run_address>0x8530</run_address>
         <size>0x4</size>
         <input_file_ref idref="fl-48"/>
      </object_component>
      <object_component id="oc-e6">
         <name>.text:abort</name>
         <load_address>0x8534</load_address>
         <run_address>0x8534</run_address>
         <size>0x4</size>
         <input_file_ref idref="fl-3a"/>
      </object_component>
      <object_component id="oc-1ec">
         <name>.cinit..bss.load</name>
         <load_address>0x8538</load_address>
         <run_address>0x8538</run_address>
         <size>0x4</size>
      </object_component>
      <object_component id="oc-1ea">
         <name>__TI_handler_table</name>
         <load_address>0x853c</load_address>
         <run_address>0x853c</run_address>
         <size>0x2</size>
      </object_component>
      <object_component id="oc-1eb">
         <name>__TI_cinit_table</name>
         <load_address>0x853e</load_address>
         <run_address>0x853e</run_address>
         <size>0x4</size>
      </object_component>
      <object_component id="oc-3b">
         <name>.int02</name>
         <load_address>0xffe4</load_address>
         <run_address>0xffe4</run_address>
         <size>0x2</size>
         <input_file_ref idref="fl-3b"/>
      </object_component>
      <object_component id="oc-3c">
         <name>.int03</name>
         <load_address>0xffe6</load_address>
         <run_address>0xffe6</run_address>
         <size>0x2</size>
         <input_file_ref idref="fl-3c"/>
      </object_component>
      <object_component id="oc-3d">
         <name>.int05</name>
         <load_address>0xffea</load_address>
         <run_address>0xffea</run_address>
         <size>0x2</size>
         <input_file_ref idref="fl-3d"/>
      </object_component>
      <object_component id="oc-3e">
         <name>.int06</name>
         <load_address>0xffec</load_address>
         <run_address>0xffec</run_address>
         <size>0x2</size>
         <input_file_ref idref="fl-2"/>
      </object_component>
      <object_component id="oc-3f">
         <name>.int07</name>
         <load_address>0xffee</load_address>
         <run_address>0xffee</run_address>
         <size>0x2</size>
         <input_file_ref idref="fl-2"/>
      </object_component>
      <object_component id="oc-40">
         <name>.int08</name>
         <load_address>0xfff0</load_address>
         <run_address>0xfff0</run_address>
         <size>0x2</size>
         <input_file_ref idref="fl-3e"/>
      </object_component>
      <object_component id="oc-41">
         <name>.int09</name>
         <load_address>0xfff2</load_address>
         <run_address>0xfff2</run_address>
         <size>0x2</size>
         <input_file_ref idref="fl-3f"/>
      </object_component>
      <object_component id="oc-42">
         <name>.int10</name>
         <load_address>0xfff4</load_address>
         <run_address>0xfff4</run_address>
         <size>0x2</size>
         <input_file_ref idref="fl-40"/>
      </object_component>
      <object_component id="oc-43">
         <name>.int12</name>
         <load_address>0xfff8</load_address>
         <run_address>0xfff8</run_address>
         <size>0x2</size>
         <input_file_ref idref="fl-41"/>
      </object_component>
      <object_component id="oc-44">
         <name>.int13</name>
         <load_address>0xfffa</load_address>
         <run_address>0xfffa</run_address>
         <size>0x2</size>
         <input_file_ref idref="fl-42"/>
      </object_component>
      <object_component id="oc-45">
         <name>.int14</name>
         <load_address>0xfffc</load_address>
         <run_address>0xfffc</run_address>
         <size>0x2</size>
         <input_file_ref idref="fl-43"/>
      </object_component>
      <object_component id="oc-8b">
         <name>.reset</name>
         <load_address>0xfffe</load_address>
         <run_address>0xfffe</run_address>
         <size>0x2</size>
         <input_file_ref idref="fl-32"/>
      </object_component>
      <object_component id="oc-111">
         <name>.debug_info</name>
         <load_address>0x0</load_address>
         <run_address>0x0</run_address>
         <size>0x335</size>
         <input_file_ref idref="fl-2"/>
      </object_component>
      <object_component id="oc-181">
         <name>.debug_info</name>
         <load_address>0x335</load_address>
         <run_address>0x335</run_address>
         <size>0x22d</size>
         <input_file_ref idref="fl-2"/>
      </object_component>
      <object_component id="oc-ac">
         <name>.debug_info</name>
         <load_address>0x562</load_address>
         <run_address>0x562</run_address>
         <size>0x144</size>
         <input_file_ref idref="fl-2"/>
      </object_component>
      <object_component id="oc-b2">
         <name>.debug_info</name>
         <load_address>0x6a6</load_address>
         <run_address>0x6a6</run_address>
         <size>0x13d</size>
         <input_file_ref idref="fl-2"/>
      </object_component>
      <object_component id="oc-f4">
         <name>.debug_info</name>
         <load_address>0x7e3</load_address>
         <run_address>0x7e3</run_address>
         <size>0x84</size>
         <input_file_ref idref="fl-2"/>
      </object_component>
      <object_component id="oc-146">
         <name>.debug_info</name>
         <load_address>0x867</load_address>
         <run_address>0x867</run_address>
         <size>0x47a</size>
         <input_file_ref idref="fl-3"/>
      </object_component>
      <object_component id="oc-12e">
         <name>.debug_info</name>
         <load_address>0xce1</load_address>
         <run_address>0xce1</run_address>
         <size>0x120</size>
         <input_file_ref idref="fl-3"/>
      </object_component>
      <object_component id="oc-140">
         <name>.debug_info</name>
         <load_address>0xe01</load_address>
         <run_address>0xe01</run_address>
         <size>0x174</size>
         <input_file_ref idref="fl-3"/>
      </object_component>
      <object_component id="oc-df">
         <name>.debug_info</name>
         <load_address>0xf75</load_address>
         <run_address>0xf75</run_address>
         <size>0x2a8</size>
         <input_file_ref idref="fl-3"/>
      </object_component>
      <object_component id="oc-16f">
         <name>.debug_info</name>
         <load_address>0x121d</load_address>
         <run_address>0x121d</run_address>
         <size>0x104</size>
         <input_file_ref idref="fl-3"/>
      </object_component>
      <object_component id="oc-17b">
         <name>.debug_info</name>
         <load_address>0x1321</load_address>
         <run_address>0x1321</run_address>
         <size>0x136</size>
         <input_file_ref idref="fl-3"/>
      </object_component>
      <object_component id="oc-175">
         <name>.debug_info</name>
         <load_address>0x1457</load_address>
         <run_address>0x1457</run_address>
         <size>0x140</size>
         <input_file_ref idref="fl-3"/>
      </object_component>
      <object_component id="oc-89">
         <name>.debug_info</name>
         <load_address>0x1597</load_address>
         <run_address>0x1597</run_address>
         <size>0xd8</size>
         <input_file_ref idref="fl-32"/>
      </object_component>
      <object_component id="oc-65">
         <name>.debug_info</name>
         <load_address>0x166f</load_address>
         <run_address>0x166f</run_address>
         <size>0x179</size>
         <input_file_ref idref="fl-33"/>
      </object_component>
      <object_component id="oc-13a">
         <name>.debug_info</name>
         <load_address>0x17e8</load_address>
         <run_address>0x17e8</run_address>
         <size>0x187</size>
         <input_file_ref idref="fl-34"/>
      </object_component>
      <object_component id="oc-19e">
         <name>.debug_info</name>
         <load_address>0x196f</load_address>
         <run_address>0x196f</run_address>
         <size>0x94</size>
         <input_file_ref idref="fl-34"/>
      </object_component>
      <object_component id="oc-bd">
         <name>.debug_info</name>
         <load_address>0x1a03</load_address>
         <run_address>0x1a03</run_address>
         <size>0x14d</size>
         <input_file_ref idref="fl-37"/>
      </object_component>
      <object_component id="oc-47">
         <name>.debug_info</name>
         <load_address>0x1b50</load_address>
         <run_address>0x1b50</run_address>
         <size>0x198</size>
         <input_file_ref idref="fl-37"/>
      </object_component>
      <object_component id="oc-b8">
         <name>.debug_info</name>
         <load_address>0x1ce8</load_address>
         <run_address>0x1ce8</run_address>
         <size>0x46</size>
         <input_file_ref idref="fl-37"/>
      </object_component>
      <object_component id="oc-fb">
         <name>.debug_info</name>
         <load_address>0x1d2e</load_address>
         <run_address>0x1d2e</run_address>
         <size>0x2c</size>
         <input_file_ref idref="fl-37"/>
      </object_component>
      <object_component id="oc-197">
         <name>.debug_info</name>
         <load_address>0x1d5a</load_address>
         <run_address>0x1d5a</run_address>
         <size>0x1db</size>
         <input_file_ref idref="fl-38"/>
      </object_component>
      <object_component id="oc-134">
         <name>.debug_info</name>
         <load_address>0x1f35</load_address>
         <run_address>0x1f35</run_address>
         <size>0x1a7</size>
         <input_file_ref idref="fl-38"/>
      </object_component>
      <object_component id="oc-198">
         <name>.debug_info</name>
         <load_address>0x20dc</load_address>
         <run_address>0x20dc</run_address>
         <size>0xdb</size>
         <input_file_ref idref="fl-38"/>
      </object_component>
      <object_component id="oc-10a">
         <name>.debug_info</name>
         <load_address>0x21b7</load_address>
         <run_address>0x21b7</run_address>
         <size>0x10d</size>
         <input_file_ref idref="fl-39"/>
      </object_component>
      <object_component id="oc-e7">
         <name>.debug_info</name>
         <load_address>0x22c4</load_address>
         <run_address>0x22c4</run_address>
         <size>0xfa</size>
         <input_file_ref idref="fl-3a"/>
      </object_component>
      <object_component id="oc-a7">
         <name>.debug_info</name>
         <load_address>0x23be</load_address>
         <run_address>0x23be</run_address>
         <size>0xee</size>
         <input_file_ref idref="fl-44"/>
      </object_component>
      <object_component id="oc-18d">
         <name>.debug_info</name>
         <load_address>0x24ac</load_address>
         <run_address>0x24ac</run_address>
         <size>0xff</size>
         <input_file_ref idref="fl-45"/>
      </object_component>
      <object_component id="oc-bf">
         <name>.debug_info</name>
         <load_address>0x25ab</load_address>
         <run_address>0x25ab</run_address>
         <size>0x12b</size>
         <input_file_ref idref="fl-48"/>
      </object_component>
      <object_component id="oc-189">
         <name>.debug_info</name>
         <load_address>0x26d6</load_address>
         <run_address>0x26d6</run_address>
         <size>0xff</size>
         <input_file_ref idref="fl-4b"/>
      </object_component>
      <object_component id="oc-192">
         <name>.debug_info</name>
         <load_address>0x27d5</load_address>
         <run_address>0x27d5</run_address>
         <size>0x105</size>
         <input_file_ref idref="fl-4c"/>
      </object_component>
      <object_component id="oc-11b">
         <name>.debug_info</name>
         <load_address>0x28da</load_address>
         <run_address>0x28da</run_address>
         <size>0x2cc</size>
         <input_file_ref idref="fl-4d"/>
      </object_component>
      <object_component id="oc-c5">
         <name>.debug_info</name>
         <load_address>0x2ba6</load_address>
         <run_address>0x2ba6</run_address>
         <size>0x17e</size>
         <input_file_ref idref="fl-4d"/>
      </object_component>
      <object_component id="oc-150">
         <name>.debug_info</name>
         <load_address>0x2d24</load_address>
         <run_address>0x2d24</run_address>
         <size>0x39</size>
         <input_file_ref idref="fl-4d"/>
      </object_component>
      <object_component id="oc-1ee">
         <name>.debug_info</name>
         <load_address>0x2d5d</load_address>
         <run_address>0x2d5d</run_address>
         <size>0xb0</size>
      </object_component>
      <object_component id="oc-14d">
         <name>.debug_line</name>
         <load_address>0x0</load_address>
         <run_address>0x0</run_address>
         <size>0x6f</size>
         <input_file_ref idref="fl-2"/>
      </object_component>
      <object_component id="oc-184">
         <name>.debug_line</name>
         <load_address>0x6f</load_address>
         <run_address>0x6f</run_address>
         <size>0x56</size>
         <input_file_ref idref="fl-2"/>
      </object_component>
      <object_component id="oc-af">
         <name>.debug_line</name>
         <load_address>0xc5</load_address>
         <run_address>0xc5</run_address>
         <size>0x54</size>
         <input_file_ref idref="fl-2"/>
      </object_component>
      <object_component id="oc-b5">
         <name>.debug_line</name>
         <load_address>0x119</load_address>
         <run_address>0x119</run_address>
         <size>0x51</size>
         <input_file_ref idref="fl-2"/>
      </object_component>
      <object_component id="oc-f7">
         <name>.debug_line</name>
         <load_address>0x16a</load_address>
         <run_address>0x16a</run_address>
         <size>0x20</size>
         <input_file_ref idref="fl-2"/>
      </object_component>
      <object_component id="oc-1a5">
         <name>.debug_line</name>
         <load_address>0x18a</load_address>
         <run_address>0x18a</run_address>
         <size>0xc3</size>
         <input_file_ref idref="fl-3"/>
      </object_component>
      <object_component id="oc-131">
         <name>.debug_line</name>
         <load_address>0x24d</load_address>
         <run_address>0x24d</run_address>
         <size>0x54</size>
         <input_file_ref idref="fl-3"/>
      </object_component>
      <object_component id="oc-143">
         <name>.debug_line</name>
         <load_address>0x2a1</load_address>
         <run_address>0x2a1</run_address>
         <size>0x4e</size>
         <input_file_ref idref="fl-3"/>
      </object_component>
      <object_component id="oc-e2">
         <name>.debug_line</name>
         <load_address>0x2ef</load_address>
         <run_address>0x2ef</run_address>
         <size>0x7c</size>
         <input_file_ref idref="fl-3"/>
      </object_component>
      <object_component id="oc-172">
         <name>.debug_line</name>
         <load_address>0x36b</load_address>
         <run_address>0x36b</run_address>
         <size>0x41</size>
         <input_file_ref idref="fl-3"/>
      </object_component>
      <object_component id="oc-17e">
         <name>.debug_line</name>
         <load_address>0x3ac</load_address>
         <run_address>0x3ac</run_address>
         <size>0x41</size>
         <input_file_ref idref="fl-3"/>
      </object_component>
      <object_component id="oc-178">
         <name>.debug_line</name>
         <load_address>0x3ed</load_address>
         <run_address>0x3ed</run_address>
         <size>0x41</size>
         <input_file_ref idref="fl-3"/>
      </object_component>
      <object_component id="oc-f3">
         <name>.debug_line</name>
         <load_address>0x42e</load_address>
         <run_address>0x42e</run_address>
         <size>0x2a</size>
         <input_file_ref idref="fl-32"/>
      </object_component>
      <object_component id="oc-68">
         <name>.debug_line</name>
         <load_address>0x458</load_address>
         <run_address>0x458</run_address>
         <size>0x4c</size>
         <input_file_ref idref="fl-33"/>
      </object_component>
      <object_component id="oc-13d">
         <name>.debug_line</name>
         <load_address>0x4a4</load_address>
         <run_address>0x4a4</run_address>
         <size>0x75</size>
         <input_file_ref idref="fl-34"/>
      </object_component>
      <object_component id="oc-1a1">
         <name>.debug_line</name>
         <load_address>0x519</load_address>
         <run_address>0x519</run_address>
         <size>0x2e</size>
         <input_file_ref idref="fl-34"/>
      </object_component>
      <object_component id="oc-118">
         <name>.debug_line</name>
         <load_address>0x547</load_address>
         <run_address>0x547</run_address>
         <size>0x20</size>
         <input_file_ref idref="fl-37"/>
      </object_component>
      <object_component id="oc-4a">
         <name>.debug_line</name>
         <load_address>0x567</load_address>
         <run_address>0x567</run_address>
         <size>0x4d</size>
         <input_file_ref idref="fl-37"/>
      </object_component>
      <object_component id="oc-bb">
         <name>.debug_line</name>
         <load_address>0x5b4</load_address>
         <run_address>0x5b4</run_address>
         <size>0x34</size>
         <input_file_ref idref="fl-37"/>
      </object_component>
      <object_component id="oc-fe">
         <name>.debug_line</name>
         <load_address>0x5e8</load_address>
         <run_address>0x5e8</run_address>
         <size>0x72</size>
         <input_file_ref idref="fl-37"/>
      </object_component>
      <object_component id="oc-1b5">
         <name>.debug_line</name>
         <load_address>0x65a</load_address>
         <run_address>0x65a</run_address>
         <size>0x20</size>
         <input_file_ref idref="fl-38"/>
      </object_component>
      <object_component id="oc-137">
         <name>.debug_line</name>
         <load_address>0x67a</load_address>
         <run_address>0x67a</run_address>
         <size>0x55</size>
         <input_file_ref idref="fl-38"/>
      </object_component>
      <object_component id="oc-19b">
         <name>.debug_line</name>
         <load_address>0x6cf</load_address>
         <run_address>0x6cf</run_address>
         <size>0x2e</size>
         <input_file_ref idref="fl-38"/>
      </object_component>
      <object_component id="oc-108">
         <name>.debug_line</name>
         <load_address>0x6fd</load_address>
         <run_address>0x6fd</run_address>
         <size>0x40</size>
         <input_file_ref idref="fl-39"/>
      </object_component>
      <object_component id="oc-ea">
         <name>.debug_line</name>
         <load_address>0x73d</load_address>
         <run_address>0x73d</run_address>
         <size>0x3a</size>
         <input_file_ref idref="fl-3a"/>
      </object_component>
      <object_component id="oc-aa">
         <name>.debug_line</name>
         <load_address>0x777</load_address>
         <run_address>0x777</run_address>
         <size>0x3c</size>
         <input_file_ref idref="fl-44"/>
      </object_component>
      <object_component id="oc-190">
         <name>.debug_line</name>
         <load_address>0x7b3</load_address>
         <run_address>0x7b3</run_address>
         <size>0x4e</size>
         <input_file_ref idref="fl-45"/>
      </object_component>
      <object_component id="oc-c2">
         <name>.debug_line</name>
         <load_address>0x801</load_address>
         <run_address>0x801</run_address>
         <size>0x3e</size>
         <input_file_ref idref="fl-48"/>
      </object_component>
      <object_component id="oc-188">
         <name>.debug_line</name>
         <load_address>0x83f</load_address>
         <run_address>0x83f</run_address>
         <size>0x4e</size>
         <input_file_ref idref="fl-4b"/>
      </object_component>
      <object_component id="oc-195">
         <name>.debug_line</name>
         <load_address>0x88d</load_address>
         <run_address>0x88d</run_address>
         <size>0x56</size>
         <input_file_ref idref="fl-4c"/>
      </object_component>
      <object_component id="oc-14f">
         <name>.debug_line</name>
         <load_address>0x8e3</load_address>
         <run_address>0x8e3</run_address>
         <size>0x2e</size>
         <input_file_ref idref="fl-4d"/>
      </object_component>
      <object_component id="oc-c8">
         <name>.debug_line</name>
         <load_address>0x911</load_address>
         <run_address>0x911</run_address>
         <size>0x7b</size>
         <input_file_ref idref="fl-4d"/>
      </object_component>
      <object_component id="oc-153">
         <name>.debug_line</name>
         <load_address>0x98c</load_address>
         <run_address>0x98c</run_address>
         <size>0x2e</size>
         <input_file_ref idref="fl-4d"/>
      </object_component>
      <object_component id="oc-185">
         <name>.debug_frame</name>
         <load_address>0x0</load_address>
         <run_address>0x0</run_address>
         <size>0x47</size>
         <input_file_ref idref="fl-2"/>
      </object_component>
      <object_component id="oc-b0">
         <name>.debug_frame</name>
         <load_address>0x47</load_address>
         <run_address>0x47</run_address>
         <size>0x74</size>
         <input_file_ref idref="fl-2"/>
      </object_component>
      <object_component id="oc-b6">
         <name>.debug_frame</name>
         <load_address>0xbb</load_address>
         <run_address>0xbb</run_address>
         <size>0x74</size>
         <input_file_ref idref="fl-2"/>
      </object_component>
      <object_component id="oc-132">
         <name>.debug_frame</name>
         <load_address>0x12f</load_address>
         <run_address>0x12f</run_address>
         <size>0x47</size>
         <input_file_ref idref="fl-3"/>
      </object_component>
      <object_component id="oc-144">
         <name>.debug_frame</name>
         <load_address>0x176</load_address>
         <run_address>0x176</run_address>
         <size>0x47</size>
         <input_file_ref idref="fl-3"/>
      </object_component>
      <object_component id="oc-e3">
         <name>.debug_frame</name>
         <load_address>0x1bd</load_address>
         <run_address>0x1bd</run_address>
         <size>0x6e</size>
         <input_file_ref idref="fl-3"/>
      </object_component>
      <object_component id="oc-173">
         <name>.debug_frame</name>
         <load_address>0x22b</load_address>
         <run_address>0x22b</run_address>
         <size>0x47</size>
         <input_file_ref idref="fl-3"/>
      </object_component>
      <object_component id="oc-17f">
         <name>.debug_frame</name>
         <load_address>0x272</load_address>
         <run_address>0x272</run_address>
         <size>0x47</size>
         <input_file_ref idref="fl-3"/>
      </object_component>
      <object_component id="oc-179">
         <name>.debug_frame</name>
         <load_address>0x2b9</load_address>
         <run_address>0x2b9</run_address>
         <size>0x47</size>
         <input_file_ref idref="fl-3"/>
      </object_component>
      <object_component id="oc-69">
         <name>.debug_frame</name>
         <load_address>0x300</load_address>
         <run_address>0x300</run_address>
         <size>0x42</size>
         <input_file_ref idref="fl-33"/>
      </object_component>
      <object_component id="oc-13e">
         <name>.debug_frame</name>
         <load_address>0x342</load_address>
         <run_address>0x342</run_address>
         <size>0x5a</size>
         <input_file_ref idref="fl-34"/>
      </object_component>
      <object_component id="oc-4b">
         <name>.debug_frame</name>
         <load_address>0x39c</load_address>
         <run_address>0x39c</run_address>
         <size>0x47</size>
         <input_file_ref idref="fl-37"/>
      </object_component>
      <object_component id="oc-138">
         <name>.debug_frame</name>
         <load_address>0x3e3</load_address>
         <run_address>0x3e3</run_address>
         <size>0x56</size>
         <input_file_ref idref="fl-38"/>
      </object_component>
      <object_component id="oc-eb">
         <name>.debug_frame</name>
         <load_address>0x439</load_address>
         <run_address>0x439</run_address>
         <size>0x47</size>
         <input_file_ref idref="fl-3a"/>
      </object_component>
      <object_component id="oc-c3">
         <name>.debug_frame</name>
         <load_address>0x480</load_address>
         <run_address>0x480</run_address>
         <size>0x47</size>
         <input_file_ref idref="fl-48"/>
      </object_component>
      <object_component id="oc-c9">
         <name>.debug_frame</name>
         <load_address>0x4c7</load_address>
         <run_address>0x4c7</run_address>
         <size>0x51</size>
         <input_file_ref idref="fl-4d"/>
      </object_component>
      <object_component id="oc-14c">
         <name>.debug_abbrev</name>
         <load_address>0x0</load_address>
         <run_address>0x0</run_address>
         <size>0x97</size>
         <input_file_ref idref="fl-2"/>
      </object_component>
      <object_component id="oc-1b0">
         <name>.debug_abbrev</name>
         <load_address>0x97</load_address>
         <run_address>0x97</run_address>
         <size>0x6c</size>
         <input_file_ref idref="fl-2"/>
      </object_component>
      <object_component id="oc-114">
         <name>.debug_abbrev</name>
         <load_address>0x103</load_address>
         <run_address>0x103</run_address>
         <size>0x62</size>
         <input_file_ref idref="fl-2"/>
      </object_component>
      <object_component id="oc-116">
         <name>.debug_abbrev</name>
         <load_address>0x165</load_address>
         <run_address>0x165</run_address>
         <size>0x62</size>
         <input_file_ref idref="fl-2"/>
      </object_component>
      <object_component id="oc-f6">
         <name>.debug_abbrev</name>
         <load_address>0x1c7</load_address>
         <run_address>0x1c7</run_address>
         <size>0x1f</size>
         <input_file_ref idref="fl-2"/>
      </object_component>
      <object_component id="oc-1a4">
         <name>.debug_abbrev</name>
         <load_address>0x1e6</load_address>
         <run_address>0x1e6</run_address>
         <size>0xeb</size>
         <input_file_ref idref="fl-3"/>
      </object_component>
      <object_component id="oc-186">
         <name>.debug_abbrev</name>
         <load_address>0x2d1</load_address>
         <run_address>0x2d1</run_address>
         <size>0x5e</size>
         <input_file_ref idref="fl-3"/>
      </object_component>
      <object_component id="oc-1a3">
         <name>.debug_abbrev</name>
         <load_address>0x32f</load_address>
         <run_address>0x32f</run_address>
         <size>0x6c</size>
         <input_file_ref idref="fl-3"/>
      </object_component>
      <object_component id="oc-145">
         <name>.debug_abbrev</name>
         <load_address>0x39b</load_address>
         <run_address>0x39b</run_address>
         <size>0x60</size>
         <input_file_ref idref="fl-3"/>
      </object_component>
      <object_component id="oc-1ac">
         <name>.debug_abbrev</name>
         <load_address>0x3fb</load_address>
         <run_address>0x3fb</run_address>
         <size>0x50</size>
         <input_file_ref idref="fl-3"/>
      </object_component>
      <object_component id="oc-1af">
         <name>.debug_abbrev</name>
         <load_address>0x44b</load_address>
         <run_address>0x44b</run_address>
         <size>0x6c</size>
         <input_file_ref idref="fl-3"/>
      </object_component>
      <object_component id="oc-1ae">
         <name>.debug_abbrev</name>
         <load_address>0x4b7</load_address>
         <run_address>0x4b7</run_address>
         <size>0x6c</size>
         <input_file_ref idref="fl-3"/>
      </object_component>
      <object_component id="oc-f2">
         <name>.debug_abbrev</name>
         <load_address>0x523</load_address>
         <run_address>0x523</run_address>
         <size>0x29</size>
         <input_file_ref idref="fl-32"/>
      </object_component>
      <object_component id="oc-ec">
         <name>.debug_abbrev</name>
         <load_address>0x54c</load_address>
         <run_address>0x54c</run_address>
         <size>0x58</size>
         <input_file_ref idref="fl-33"/>
      </object_component>
      <object_component id="oc-19d">
         <name>.debug_abbrev</name>
         <load_address>0x5a4</load_address>
         <run_address>0x5a4</run_address>
         <size>0x71</size>
         <input_file_ref idref="fl-34"/>
      </object_component>
      <object_component id="oc-1a0">
         <name>.debug_abbrev</name>
         <load_address>0x615</load_address>
         <run_address>0x615</run_address>
         <size>0x70</size>
         <input_file_ref idref="fl-34"/>
      </object_component>
      <object_component id="oc-117">
         <name>.debug_abbrev</name>
         <load_address>0x685</load_address>
         <run_address>0x685</run_address>
         <size>0x37</size>
         <input_file_ref idref="fl-37"/>
      </object_component>
      <object_component id="oc-b7">
         <name>.debug_abbrev</name>
         <load_address>0x6bc</load_address>
         <run_address>0x6bc</run_address>
         <size>0x6f</size>
         <input_file_ref idref="fl-37"/>
      </object_component>
      <object_component id="oc-ba">
         <name>.debug_abbrev</name>
         <load_address>0x72b</load_address>
         <run_address>0x72b</run_address>
         <size>0x24</size>
         <input_file_ref idref="fl-37"/>
      </object_component>
      <object_component id="oc-fd">
         <name>.debug_abbrev</name>
         <load_address>0x74f</load_address>
         <run_address>0x74f</run_address>
         <size>0x24</size>
         <input_file_ref idref="fl-37"/>
      </object_component>
      <object_component id="oc-1b4">
         <name>.debug_abbrev</name>
         <load_address>0x773</load_address>
         <run_address>0x773</run_address>
         <size>0x60</size>
         <input_file_ref idref="fl-38"/>
      </object_component>
      <object_component id="oc-196">
         <name>.debug_abbrev</name>
         <load_address>0x7d3</load_address>
         <run_address>0x7d3</run_address>
         <size>0x7f</size>
         <input_file_ref idref="fl-38"/>
      </object_component>
      <object_component id="oc-19a">
         <name>.debug_abbrev</name>
         <load_address>0x852</load_address>
         <run_address>0x852</run_address>
         <size>0xa8</size>
         <input_file_ref idref="fl-38"/>
      </object_component>
      <object_component id="oc-14b">
         <name>.debug_abbrev</name>
         <load_address>0x8fa</load_address>
         <run_address>0x8fa</run_address>
         <size>0x3a</size>
         <input_file_ref idref="fl-39"/>
      </object_component>
      <object_component id="oc-148">
         <name>.debug_abbrev</name>
         <load_address>0x934</load_address>
         <run_address>0x934</run_address>
         <size>0x45</size>
         <input_file_ref idref="fl-3a"/>
      </object_component>
      <object_component id="oc-10f">
         <name>.debug_abbrev</name>
         <load_address>0x979</load_address>
         <run_address>0x979</run_address>
         <size>0x28</size>
         <input_file_ref idref="fl-44"/>
      </object_component>
      <object_component id="oc-1b2">
         <name>.debug_abbrev</name>
         <load_address>0x9a1</load_address>
         <run_address>0x9a1</run_address>
         <size>0x3c</size>
         <input_file_ref idref="fl-45"/>
      </object_component>
      <object_component id="oc-119">
         <name>.debug_abbrev</name>
         <load_address>0x9dd</load_address>
         <run_address>0x9dd</run_address>
         <size>0x55</size>
         <input_file_ref idref="fl-48"/>
      </object_component>
      <object_component id="oc-1b1">
         <name>.debug_abbrev</name>
         <load_address>0xa32</load_address>
         <run_address>0xa32</run_address>
         <size>0x3c</size>
         <input_file_ref idref="fl-4b"/>
      </object_component>
      <object_component id="oc-1b3">
         <name>.debug_abbrev</name>
         <load_address>0xa6e</load_address>
         <run_address>0xa6e</run_address>
         <size>0x3c</size>
         <input_file_ref idref="fl-4c"/>
      </object_component>
      <object_component id="oc-14e">
         <name>.debug_abbrev</name>
         <load_address>0xaaa</load_address>
         <run_address>0xaaa</run_address>
         <size>0x7b</size>
         <input_file_ref idref="fl-4d"/>
      </object_component>
      <object_component id="oc-11a">
         <name>.debug_abbrev</name>
         <load_address>0xb25</load_address>
         <run_address>0xb25</run_address>
         <size>0x70</size>
         <input_file_ref idref="fl-4d"/>
      </object_component>
      <object_component id="oc-152">
         <name>.debug_abbrev</name>
         <load_address>0xb95</load_address>
         <run_address>0xb95</run_address>
         <size>0x24</size>
         <input_file_ref idref="fl-4d"/>
      </object_component>
      <object_component id="oc-1ef">
         <name>.debug_abbrev</name>
         <load_address>0xbb9</load_address>
         <run_address>0xbb9</run_address>
         <size>0xf</size>
      </object_component>
      <object_component id="oc-f8">
         <name>.debug_str</name>
         <load_address>0x0</load_address>
         <run_address>0x0</run_address>
         <size>0xf5</size>
         <input_file_ref idref="fl-2"/>
      </object_component>
      <object_component id="oc-1a2">
         <name>.debug_str</name>
         <load_address>0xf5</load_address>
         <run_address>0xf5</run_address>
         <size>0xcf</size>
         <input_file_ref idref="fl-34"/>
      </object_component>
      <object_component id="oc-bc">
         <name>.debug_str</name>
         <load_address>0x1c4</load_address>
         <run_address>0x1c4</run_address>
         <size>0xdd</size>
         <input_file_ref idref="fl-37"/>
      </object_component>
      <object_component id="oc-ff">
         <name>.debug_str</name>
         <load_address>0x2a1</load_address>
         <run_address>0x2a1</run_address>
         <size>0xf8</size>
         <input_file_ref idref="fl-37"/>
      </object_component>
      <object_component id="oc-19c">
         <name>.debug_str</name>
         <load_address>0x399</load_address>
         <run_address>0x399</run_address>
         <size>0xe5</size>
         <input_file_ref idref="fl-38"/>
      </object_component>
      <object_component id="oc-154">
         <name>.debug_str</name>
         <load_address>0x47e</load_address>
         <run_address>0x47e</run_address>
         <size>0xc5</size>
         <input_file_ref idref="fl-4d"/>
      </object_component>
      <object_component id="oc-182">
         <name>.debug_aranges</name>
         <load_address>0x0</load_address>
         <run_address>0x0</run_address>
         <size>0x20</size>
         <input_file_ref idref="fl-2"/>
      </object_component>
      <object_component id="oc-ad">
         <name>.debug_aranges</name>
         <load_address>0x20</load_address>
         <run_address>0x20</run_address>
         <size>0x20</size>
         <input_file_ref idref="fl-2"/>
      </object_component>
      <object_component id="oc-b3">
         <name>.debug_aranges</name>
         <load_address>0x40</load_address>
         <run_address>0x40</run_address>
         <size>0x20</size>
         <input_file_ref idref="fl-2"/>
      </object_component>
      <object_component id="oc-12f">
         <name>.debug_aranges</name>
         <load_address>0x60</load_address>
         <run_address>0x60</run_address>
         <size>0x20</size>
         <input_file_ref idref="fl-3"/>
      </object_component>
      <object_component id="oc-141">
         <name>.debug_aranges</name>
         <load_address>0x80</load_address>
         <run_address>0x80</run_address>
         <size>0x20</size>
         <input_file_ref idref="fl-3"/>
      </object_component>
      <object_component id="oc-e0">
         <name>.debug_aranges</name>
         <load_address>0xa0</load_address>
         <run_address>0xa0</run_address>
         <size>0x20</size>
         <input_file_ref idref="fl-3"/>
      </object_component>
      <object_component id="oc-170">
         <name>.debug_aranges</name>
         <load_address>0xc0</load_address>
         <run_address>0xc0</run_address>
         <size>0x20</size>
         <input_file_ref idref="fl-3"/>
      </object_component>
      <object_component id="oc-17c">
         <name>.debug_aranges</name>
         <load_address>0xe0</load_address>
         <run_address>0xe0</run_address>
         <size>0x20</size>
         <input_file_ref idref="fl-3"/>
      </object_component>
      <object_component id="oc-176">
         <name>.debug_aranges</name>
         <load_address>0x100</load_address>
         <run_address>0x100</run_address>
         <size>0x20</size>
         <input_file_ref idref="fl-3"/>
      </object_component>
      <object_component id="oc-66">
         <name>.debug_aranges</name>
         <load_address>0x120</load_address>
         <run_address>0x120</run_address>
         <size>0x20</size>
         <input_file_ref idref="fl-33"/>
      </object_component>
      <object_component id="oc-13b">
         <name>.debug_aranges</name>
         <load_address>0x140</load_address>
         <run_address>0x140</run_address>
         <size>0x20</size>
         <input_file_ref idref="fl-34"/>
      </object_component>
      <object_component id="oc-48">
         <name>.debug_aranges</name>
         <load_address>0x160</load_address>
         <run_address>0x160</run_address>
         <size>0x20</size>
         <input_file_ref idref="fl-37"/>
      </object_component>
      <object_component id="oc-135">
         <name>.debug_aranges</name>
         <load_address>0x180</load_address>
         <run_address>0x180</run_address>
         <size>0x20</size>
         <input_file_ref idref="fl-38"/>
      </object_component>
      <object_component id="oc-109">
         <name>.debug_aranges</name>
         <load_address>0x1a0</load_address>
         <run_address>0x1a0</run_address>
         <size>0x20</size>
         <input_file_ref idref="fl-39"/>
      </object_component>
      <object_component id="oc-e8">
         <name>.debug_aranges</name>
         <load_address>0x1c0</load_address>
         <run_address>0x1c0</run_address>
         <size>0x20</size>
         <input_file_ref idref="fl-3a"/>
      </object_component>
      <object_component id="oc-a8">
         <name>.debug_aranges</name>
         <load_address>0x1e0</load_address>
         <run_address>0x1e0</run_address>
         <size>0x20</size>
         <input_file_ref idref="fl-44"/>
      </object_component>
      <object_component id="oc-18e">
         <name>.debug_aranges</name>
         <load_address>0x200</load_address>
         <run_address>0x200</run_address>
         <size>0x20</size>
         <input_file_ref idref="fl-45"/>
      </object_component>
      <object_component id="oc-c0">
         <name>.debug_aranges</name>
         <load_address>0x220</load_address>
         <run_address>0x220</run_address>
         <size>0x20</size>
         <input_file_ref idref="fl-48"/>
      </object_component>
      <object_component id="oc-18a">
         <name>.debug_aranges</name>
         <load_address>0x240</load_address>
         <run_address>0x240</run_address>
         <size>0x20</size>
         <input_file_ref idref="fl-4b"/>
      </object_component>
      <object_component id="oc-193">
         <name>.debug_aranges</name>
         <load_address>0x260</load_address>
         <run_address>0x260</run_address>
         <size>0x20</size>
         <input_file_ref idref="fl-4c"/>
      </object_component>
      <object_component id="oc-c6">
         <name>.debug_aranges</name>
         <load_address>0x280</load_address>
         <run_address>0x280</run_address>
         <size>0x20</size>
         <input_file_ref idref="fl-4d"/>
      </object_component>
      <object_component id="oc-112">
         <name>.debug_pubnames</name>
         <load_address>0x0</load_address>
         <run_address>0x0</run_address>
         <size>0x59</size>
         <input_file_ref idref="fl-2"/>
      </object_component>
      <object_component id="oc-183">
         <name>.debug_pubnames</name>
         <load_address>0x59</load_address>
         <run_address>0x59</run_address>
         <size>0x2c</size>
         <input_file_ref idref="fl-2"/>
      </object_component>
      <object_component id="oc-ae">
         <name>.debug_pubnames</name>
         <load_address>0x85</load_address>
         <run_address>0x85</run_address>
         <size>0x24</size>
         <input_file_ref idref="fl-2"/>
      </object_component>
      <object_component id="oc-b4">
         <name>.debug_pubnames</name>
         <load_address>0xa9</load_address>
         <run_address>0xa9</run_address>
         <size>0x24</size>
         <input_file_ref idref="fl-2"/>
      </object_component>
      <object_component id="oc-147">
         <name>.debug_pubnames</name>
         <load_address>0xcd</load_address>
         <run_address>0xcd</run_address>
         <size>0x28</size>
         <input_file_ref idref="fl-3"/>
      </object_component>
      <object_component id="oc-130">
         <name>.debug_pubnames</name>
         <load_address>0xf5</load_address>
         <run_address>0xf5</run_address>
         <size>0x1f</size>
         <input_file_ref idref="fl-3"/>
      </object_component>
      <object_component id="oc-142">
         <name>.debug_pubnames</name>
         <load_address>0x114</load_address>
         <run_address>0x114</run_address>
         <size>0x29</size>
         <input_file_ref idref="fl-3"/>
      </object_component>
      <object_component id="oc-e1">
         <name>.debug_pubnames</name>
         <load_address>0x13d</load_address>
         <run_address>0x13d</run_address>
         <size>0x1b</size>
         <input_file_ref idref="fl-3"/>
      </object_component>
      <object_component id="oc-171">
         <name>.debug_pubnames</name>
         <load_address>0x158</load_address>
         <run_address>0x158</run_address>
         <size>0x1f</size>
         <input_file_ref idref="fl-3"/>
      </object_component>
      <object_component id="oc-17d">
         <name>.debug_pubnames</name>
         <load_address>0x177</load_address>
         <run_address>0x177</run_address>
         <size>0x21</size>
         <input_file_ref idref="fl-3"/>
      </object_component>
      <object_component id="oc-177">
         <name>.debug_pubnames</name>
         <load_address>0x198</load_address>
         <run_address>0x198</run_address>
         <size>0x22</size>
         <input_file_ref idref="fl-3"/>
      </object_component>
      <object_component id="oc-8a">
         <name>.debug_pubnames</name>
         <load_address>0x1ba</load_address>
         <run_address>0x1ba</run_address>
         <size>0x1d</size>
         <input_file_ref idref="fl-32"/>
      </object_component>
      <object_component id="oc-67">
         <name>.debug_pubnames</name>
         <load_address>0x1d7</load_address>
         <run_address>0x1d7</run_address>
         <size>0x2d</size>
         <input_file_ref idref="fl-33"/>
      </object_component>
      <object_component id="oc-13c">
         <name>.debug_pubnames</name>
         <load_address>0x204</load_address>
         <run_address>0x204</run_address>
         <size>0x24</size>
         <input_file_ref idref="fl-34"/>
      </object_component>
      <object_component id="oc-49">
         <name>.debug_pubnames</name>
         <load_address>0x228</load_address>
         <run_address>0x228</run_address>
         <size>0x25</size>
         <input_file_ref idref="fl-37"/>
      </object_component>
      <object_component id="oc-136">
         <name>.debug_pubnames</name>
         <load_address>0x24d</load_address>
         <run_address>0x24d</run_address>
         <size>0x25</size>
         <input_file_ref idref="fl-38"/>
      </object_component>
      <object_component id="oc-10b">
         <name>.debug_pubnames</name>
         <load_address>0x272</load_address>
         <run_address>0x272</run_address>
         <size>0x2b</size>
         <input_file_ref idref="fl-39"/>
      </object_component>
      <object_component id="oc-e9">
         <name>.debug_pubnames</name>
         <load_address>0x29d</load_address>
         <run_address>0x29d</run_address>
         <size>0x1c</size>
         <input_file_ref idref="fl-3a"/>
      </object_component>
      <object_component id="oc-a9">
         <name>.debug_pubnames</name>
         <load_address>0x2b9</load_address>
         <run_address>0x2b9</run_address>
         <size>0x2b</size>
         <input_file_ref idref="fl-44"/>
      </object_component>
      <object_component id="oc-18f">
         <name>.debug_pubnames</name>
         <load_address>0x2e4</load_address>
         <run_address>0x2e4</run_address>
         <size>0x24</size>
         <input_file_ref idref="fl-45"/>
      </object_component>
      <object_component id="oc-c1">
         <name>.debug_pubnames</name>
         <load_address>0x308</load_address>
         <run_address>0x308</run_address>
         <size>0x27</size>
         <input_file_ref idref="fl-48"/>
      </object_component>
      <object_component id="oc-18b">
         <name>.debug_pubnames</name>
         <load_address>0x32f</load_address>
         <run_address>0x32f</run_address>
         <size>0x24</size>
         <input_file_ref idref="fl-4b"/>
      </object_component>
      <object_component id="oc-194">
         <name>.debug_pubnames</name>
         <load_address>0x353</load_address>
         <run_address>0x353</run_address>
         <size>0x27</size>
         <input_file_ref idref="fl-4c"/>
      </object_component>
      <object_component id="oc-c7">
         <name>.debug_pubnames</name>
         <load_address>0x37a</load_address>
         <run_address>0x37a</run_address>
         <size>0x21</size>
         <input_file_ref idref="fl-4d"/>
      </object_component>
      <object_component id="oc-f5">
         <name>.debug_pubtypes</name>
         <load_address>0x0</load_address>
         <run_address>0x0</run_address>
         <size>0xed</size>
         <input_file_ref idref="fl-2"/>
      </object_component>
      <object_component id="oc-19f">
         <name>.debug_pubtypes</name>
         <load_address>0xed</load_address>
         <run_address>0xed</run_address>
         <size>0x30</size>
         <input_file_ref idref="fl-34"/>
      </object_component>
      <object_component id="oc-b9">
         <name>.debug_pubtypes</name>
         <load_address>0x11d</load_address>
         <run_address>0x11d</run_address>
         <size>0x48</size>
         <input_file_ref idref="fl-37"/>
      </object_component>
      <object_component id="oc-fc">
         <name>.debug_pubtypes</name>
         <load_address>0x165</load_address>
         <run_address>0x165</run_address>
         <size>0x1d</size>
         <input_file_ref idref="fl-37"/>
      </object_component>
      <object_component id="oc-199">
         <name>.debug_pubtypes</name>
         <load_address>0x182</load_address>
         <run_address>0x182</run_address>
         <size>0x4c</size>
         <input_file_ref idref="fl-38"/>
      </object_component>
      <object_component id="oc-151">
         <name>.debug_pubtypes</name>
         <load_address>0x1ce</load_address>
         <run_address>0x1ce</run_address>
         <size>0x32</size>
         <input_file_ref idref="fl-4d"/>
      </object_component>
   </object_component_list>
   <logical_group_list>
      <logical_group id="lg-2" display="no" color="cyan">
         <name>.bss</name>
         <run_address>0x200</run_address>
         <size>0x8</size>
         <contents>
            <object_component_ref idref="oc-110"/>
            <object_component_ref idref="oc-113"/>
            <object_component_ref idref="oc-115"/>
            <object_component_ref idref="oc-1ab"/>
            <object_component_ref idref="oc-1ad"/>
         </contents>
      </logical_group>
      <logical_group id="lg-4" display="no" color="cyan">
         <name>.TI.noinit</name>
         <run_address>0x0</run_address>
         <size>0x0</size>
         <contents>
         </contents>
      </logical_group>
      <logical_group id="lg-5" display="no" color="cyan">
         <name>.sysmem</name>
         <run_address>0x0</run_address>
         <size>0x0</size>
         <contents>
         </contents>
      </logical_group>
      <logical_group id="lg-6" display="no" color="cyan">
         <name>.stack</name>
         <run_address>0x5b0</run_address>
         <size>0x50</size>
         <contents>
            <object_component_ref idref="oc-88"/>
            <object_component_ref idref="oc-1ed"/>
         </contents>
      </logical_group>
      <logical_group id="lg-7" display="no" color="cyan">
         <name>.text</name>
         <load_address>0x8000</load_address>
         <run_address>0x8000</run_address>
         <size>0x538</size>
         <contents>
            <object_component_ref idref="oc-de"/>
            <object_component_ref idref="oc-139"/>
            <object_component_ref idref="oc-12d"/>
            <object_component_ref idref="oc-133"/>
            <object_component_ref idref="oc-c4"/>
            <object_component_ref idref="oc-191"/>
            <object_component_ref idref="oc-180"/>
            <object_component_ref idref="oc-13f"/>
            <object_component_ref idref="oc-ab"/>
            <object_component_ref idref="oc-187"/>
            <object_component_ref idref="oc-18c"/>
            <object_component_ref idref="oc-b1"/>
            <object_component_ref idref="oc-64"/>
            <object_component_ref idref="oc-46"/>
            <object_component_ref idref="oc-174"/>
            <object_component_ref idref="oc-107"/>
            <object_component_ref idref="oc-a6"/>
            <object_component_ref idref="oc-17a"/>
            <object_component_ref idref="oc-16e"/>
            <object_component_ref idref="oc-be"/>
            <object_component_ref idref="oc-e6"/>
         </contents>
      </logical_group>
      <logical_group id="lg-8" display="no" color="cyan">
         <name>.cinit</name>
         <load_address>0x8538</load_address>
         <run_address>0x8538</run_address>
         <size>0xa</size>
         <contents>
            <object_component_ref idref="oc-1ec"/>
            <object_component_ref idref="oc-1ea"/>
            <object_component_ref idref="oc-1eb"/>
         </contents>
      </logical_group>
      <logical_group id="lg-9" display="no" color="cyan">
         <name>.const</name>
         <run_address>0x0</run_address>
         <size>0x0</size>
         <contents>
         </contents>
      </logical_group>
      <logical_group id="lg-a" display="no" color="cyan">
         <name>.cio</name>
         <run_address>0x0</run_address>
         <size>0x0</size>
         <contents>
         </contents>
      </logical_group>
      <logical_group id="lg-b" display="no" color="cyan">
         <name>.pinit</name>
         <run_address>0x0</run_address>
         <size>0x0</size>
         <contents>
         </contents>
      </logical_group>
      <logical_group id="lg-c" display="no" color="cyan">
         <name>.init_array</name>
         <run_address>0x0</run_address>
         <size>0x0</size>
         <contents>
         </contents>
      </logical_group>
      <logical_group id="lg-d" display="no" color="cyan">
         <name>.mspabi.exidx</name>
         <run_address>0x0</run_address>
         <size>0x0</size>
         <contents>
         </contents>
      </logical_group>
      <logical_group id="lg-e" display="no" color="cyan">
         <name>.mspabi.extab</name>
         <run_address>0x0</run_address>
         <size>0x0</size>
         <contents>
         </contents>
      </logical_group>
      <logical_group id="lg-f" display="no" color="cyan">
         <name>.infoA</name>
         <run_address>0x0</run_address>
         <size>0x0</size>
         <contents>
         </contents>
      </logical_group>
      <logical_group id="lg-10" display="no" color="cyan">
         <name>.infoB</name>
         <run_address>0x0</run_address>
         <size>0x0</size>
         <contents>
         </contents>
      </logical_group>
      <logical_group id="lg-11" display="no" color="cyan">
         <name>.infoC</name>
         <run_address>0x0</run_address>
         <size>0x0</size>
         <contents>
         </contents>
      </logical_group>
      <logical_group id="lg-12" display="no" color="cyan">
         <name>.infoD</name>
         <run_address>0x0</run_address>
         <size>0x0</size>
         <contents>
         </contents>
      </logical_group>
      <logical_group id="lg-13" display="no" color="cyan">
         <name>.int00</name>
         <run_address>0x0</run_address>
         <size>0x0</size>
         <contents>
         </contents>
      </logical_group>
      <logical_group id="lg-14" display="no" color="cyan">
         <name>.int01</name>
         <run_address>0x0</run_address>
         <size>0x0</size>
         <contents>
         </contents>
      </logical_group>
      <logical_group id="lg-15" display="no" color="cyan">
         <name>PORT1</name>
         <load_address>0xffe4</load_address>
         <run_address>0xffe4</run_address>
         <size>0x2</size>
         <contents>
            <object_component_ref idref="oc-3b"/>
         </contents>
      </logical_group>
      <logical_group id="lg-17" display="no" color="cyan">
         <name>PORT2</name>
         <load_address>0xffe6</load_address>
         <run_address>0xffe6</run_address>
         <size>0x2</size>
         <contents>
            <object_component_ref idref="oc-3c"/>
         </contents>
      </logical_group>
      <logical_group id="lg-19" display="no" color="cyan">
         <name>.int04</name>
         <run_address>0x0</run_address>
         <size>0x0</size>
         <contents>
         </contents>
      </logical_group>
      <logical_group id="lg-1a" display="no" color="cyan">
         <name>ADC10</name>
         <load_address>0xffea</load_address>
         <run_address>0xffea</run_address>
         <size>0x2</size>
         <contents>
            <object_component_ref idref="oc-3d"/>
         </contents>
      </logical_group>
      <logical_group id="lg-1c" display="no" color="cyan">
         <name>USCIAB0TX</name>
         <load_address>0xffec</load_address>
         <run_address>0xffec</run_address>
         <size>0x2</size>
         <contents>
            <object_component_ref idref="oc-3e"/>
         </contents>
      </logical_group>
      <logical_group id="lg-1e" display="no" color="cyan">
         <name>USCIAB0RX</name>
         <load_address>0xffee</load_address>
         <run_address>0xffee</run_address>
         <size>0x2</size>
         <contents>
            <object_component_ref idref="oc-3f"/>
         </contents>
      </logical_group>
      <logical_group id="lg-20" display="no" color="cyan">
         <name>TIMERA1</name>
         <load_address>0xfff0</load_address>
         <run_address>0xfff0</run_address>
         <size>0x2</size>
         <contents>
            <object_component_ref idref="oc-40"/>
         </contents>
      </logical_group>
      <logical_group id="lg-22" display="no" color="cyan">
         <name>TIMERA0</name>
         <load_address>0xfff2</load_address>
         <run_address>0xfff2</run_address>
         <size>0x2</size>
         <contents>
            <object_component_ref idref="oc-41"/>
         </contents>
      </logical_group>
      <logical_group id="lg-24" display="no" color="cyan">
         <name>WDT</name>
         <load_address>0xfff4</load_address>
         <run_address>0xfff4</run_address>
         <size>0x2</size>
         <contents>
            <object_component_ref idref="oc-42"/>
         </contents>
      </logical_group>
      <logical_group id="lg-26" display="no" color="cyan">
         <name>.int11</name>
         <run_address>0x0</run_address>
         <size>0x0</size>
         <contents>
         </contents>
      </logical_group>
      <logical_group id="lg-27" display="no" color="cyan">
         <name>TIMERB1</name>
         <load_address>0xfff8</load_address>
         <run_address>0xfff8</run_address>
         <size>0x2</size>
         <contents>
            <object_component_ref idref="oc-43"/>
         </contents>
      </logical_group>
      <logical_group id="lg-29" display="no" color="cyan">
         <name>TIMERB0</name>
         <load_address>0xfffa</load_address>
         <run_address>0xfffa</run_address>
         <size>0x2</size>
         <contents>
            <object_component_ref idref="oc-44"/>
         </contents>
      </logical_group>
      <logical_group id="lg-2b" display="no" color="cyan">
         <name>NMI</name>
         <load_address>0xfffc</load_address>
         <run_address>0xfffc</run_address>
         <size>0x2</size>
         <contents>
            <object_component_ref idref="oc-45"/>
         </contents>
      </logical_group>
      <logical_group id="lg-2d" display="no" color="cyan">
         <name>.reset</name>
         <load_address>0xfffe</load_address>
         <run_address>0xfffe</run_address>
         <size>0x2</size>
         <contents>
            <object_component_ref idref="oc-8b"/>
         </contents>
      </logical_group>
      <logical_group id="lg-1b7" display="no" color="cyan">
         <name>.TI.persistent</name>
         <run_address>0x0</run_address>
         <size>0x0</size>
         <contents>
         </contents>
      </logical_group>
      <logical_group id="lg-3" display="no" color="cyan">
         <name>.data</name>
         <run_address>0x0</run_address>
         <size>0x0</size>
         <contents>
         </contents>
      </logical_group>
      <logical_group id="lg-1b6" display="no" color="cyan">
         <name>DATA_GROUP</name>
         <run_address>0x0</run_address>
         <size>0x0</size>
         <contents>
            <logical_group_ref idref="lg-1b7"/>
            <logical_group_ref idref="lg-3"/>
         </contents>
      </logical_group>
      <logical_group id="lg-1da" display="never" color="cyan">
         <name>.debug_info</name>
         <load_address>0x0</load_address>
         <run_address>0x0</run_address>
         <size>0x2e0d</size>
         <contents>
            <object_component_ref idref="oc-111"/>
            <object_component_ref idref="oc-181"/>
            <object_component_ref idref="oc-ac"/>
            <object_component_ref idref="oc-b2"/>
            <object_component_ref idref="oc-f4"/>
            <object_component_ref idref="oc-146"/>
            <object_component_ref idref="oc-12e"/>
            <object_component_ref idref="oc-140"/>
            <object_component_ref idref="oc-df"/>
            <object_component_ref idref="oc-16f"/>
            <object_component_ref idref="oc-17b"/>
            <object_component_ref idref="oc-175"/>
            <object_component_ref idref="oc-89"/>
            <object_component_ref idref="oc-65"/>
            <object_component_ref idref="oc-13a"/>
            <object_component_ref idref="oc-19e"/>
            <object_component_ref idref="oc-bd"/>
            <object_component_ref idref="oc-47"/>
            <object_component_ref idref="oc-b8"/>
            <object_component_ref idref="oc-fb"/>
            <object_component_ref idref="oc-197"/>
            <object_component_ref idref="oc-134"/>
            <object_component_ref idref="oc-198"/>
            <object_component_ref idref="oc-10a"/>
            <object_component_ref idref="oc-e7"/>
            <object_component_ref idref="oc-a7"/>
            <object_component_ref idref="oc-18d"/>
            <object_component_ref idref="oc-bf"/>
            <object_component_ref idref="oc-189"/>
            <object_component_ref idref="oc-192"/>
            <object_component_ref idref="oc-11b"/>
            <object_component_ref idref="oc-c5"/>
            <object_component_ref idref="oc-150"/>
            <object_component_ref idref="oc-1ee"/>
         </contents>
      </logical_group>
      <logical_group id="lg-1dc" display="never" color="cyan">
         <name>.debug_line</name>
         <load_address>0x0</load_address>
         <run_address>0x0</run_address>
         <size>0x9ba</size>
         <contents>
            <object_component_ref idref="oc-14d"/>
            <object_component_ref idref="oc-184"/>
            <object_component_ref idref="oc-af"/>
            <object_component_ref idref="oc-b5"/>
            <object_component_ref idref="oc-f7"/>
            <object_component_ref idref="oc-1a5"/>
            <object_component_ref idref="oc-131"/>
            <object_component_ref idref="oc-143"/>
            <object_component_ref idref="oc-e2"/>
            <object_component_ref idref="oc-172"/>
            <object_component_ref idref="oc-17e"/>
            <object_component_ref idref="oc-178"/>
            <object_component_ref idref="oc-f3"/>
            <object_component_ref idref="oc-68"/>
            <object_component_ref idref="oc-13d"/>
            <object_component_ref idref="oc-1a1"/>
            <object_component_ref idref="oc-118"/>
            <object_component_ref idref="oc-4a"/>
            <object_component_ref idref="oc-bb"/>
            <object_component_ref idref="oc-fe"/>
            <object_component_ref idref="oc-1b5"/>
            <object_component_ref idref="oc-137"/>
            <object_component_ref idref="oc-19b"/>
            <object_component_ref idref="oc-108"/>
            <object_component_ref idref="oc-ea"/>
            <object_component_ref idref="oc-aa"/>
            <object_component_ref idref="oc-190"/>
            <object_component_ref idref="oc-c2"/>
            <object_component_ref idref="oc-188"/>
            <object_component_ref idref="oc-195"/>
            <object_component_ref idref="oc-14f"/>
            <object_component_ref idref="oc-c8"/>
            <object_component_ref idref="oc-153"/>
         </contents>
      </logical_group>
      <logical_group id="lg-1de" display="never" color="cyan">
         <name>.debug_frame</name>
         <load_address>0x0</load_address>
         <run_address>0x0</run_address>
         <size>0x518</size>
         <contents>
            <object_component_ref idref="oc-185"/>
            <object_component_ref idref="oc-b0"/>
            <object_component_ref idref="oc-b6"/>
            <object_component_ref idref="oc-132"/>
            <object_component_ref idref="oc-144"/>
            <object_component_ref idref="oc-e3"/>
            <object_component_ref idref="oc-173"/>
            <object_component_ref idref="oc-17f"/>
            <object_component_ref idref="oc-179"/>
            <object_component_ref idref="oc-69"/>
            <object_component_ref idref="oc-13e"/>
            <object_component_ref idref="oc-4b"/>
            <object_component_ref idref="oc-138"/>
            <object_component_ref idref="oc-eb"/>
            <object_component_ref idref="oc-c3"/>
            <object_component_ref idref="oc-c9"/>
         </contents>
      </logical_group>
      <logical_group id="lg-1e0" display="never" color="cyan">
         <name>.debug_abbrev</name>
         <load_address>0x0</load_address>
         <run_address>0x0</run_address>
         <size>0xbc8</size>
         <contents>
            <object_component_ref idref="oc-14c"/>
            <object_component_ref idref="oc-1b0"/>
            <object_component_ref idref="oc-114"/>
            <object_component_ref idref="oc-116"/>
            <object_component_ref idref="oc-f6"/>
            <object_component_ref idref="oc-1a4"/>
            <object_component_ref idref="oc-186"/>
            <object_component_ref idref="oc-1a3"/>
            <object_component_ref idref="oc-145"/>
            <object_component_ref idref="oc-1ac"/>
            <object_component_ref idref="oc-1af"/>
            <object_component_ref idref="oc-1ae"/>
            <object_component_ref idref="oc-f2"/>
            <object_component_ref idref="oc-ec"/>
            <object_component_ref idref="oc-19d"/>
            <object_component_ref idref="oc-1a0"/>
            <object_component_ref idref="oc-117"/>
            <object_component_ref idref="oc-b7"/>
            <object_component_ref idref="oc-ba"/>
            <object_component_ref idref="oc-fd"/>
            <object_component_ref idref="oc-1b4"/>
            <object_component_ref idref="oc-196"/>
            <object_component_ref idref="oc-19a"/>
            <object_component_ref idref="oc-14b"/>
            <object_component_ref idref="oc-148"/>
            <object_component_ref idref="oc-10f"/>
            <object_component_ref idref="oc-1b2"/>
            <object_component_ref idref="oc-119"/>
            <object_component_ref idref="oc-1b1"/>
            <object_component_ref idref="oc-1b3"/>
            <object_component_ref idref="oc-14e"/>
            <object_component_ref idref="oc-11a"/>
            <object_component_ref idref="oc-152"/>
            <object_component_ref idref="oc-1ef"/>
         </contents>
      </logical_group>
      <logical_group id="lg-1e2" display="never" color="cyan">
         <name>.debug_str</name>
         <load_address>0x0</load_address>
         <run_address>0x0</run_address>
         <size>0x543</size>
         <contents>
            <object_component_ref idref="oc-f8"/>
            <object_component_ref idref="oc-1a2"/>
            <object_component_ref idref="oc-bc"/>
            <object_component_ref idref="oc-ff"/>
            <object_component_ref idref="oc-19c"/>
            <object_component_ref idref="oc-154"/>
         </contents>
      </logical_group>
      <logical_group id="lg-1e4" display="never" color="cyan">
         <name>.debug_aranges</name>
         <load_address>0x0</load_address>
         <run_address>0x0</run_address>
         <size>0x2a0</size>
         <contents>
            <object_component_ref idref="oc-182"/>
[...]
      </symbol>
      <symbol id="sm-2f">
         <name>TACTL</name>
         <value>0x160</value>
      </symbol>
      <symbol id="sm-30">
         <name>TACCTL0</name>
         <value>0x162</value>
      </symbol>
      <symbol id="sm-31">
         <name>TACCTL1</name>
         <value>0x164</value>
      </symbol>
      <symbol id="sm-32">
         <name>TACCTL2</name>
         <value>0x166</value>
      </symbol>
      <symbol id="sm-33">
         <name>TAR</name>
         <value>0x170</value>
      </symbol>
      <symbol id="sm-34">
         <name>TACCR0</name>
         <value>0x172</value>
      </symbol>
      <symbol id="sm-35">
         <name>TACCR1</name>
         <value>0x174</value>
      </symbol>
      <symbol id="sm-36">
         <name>TACCR2</name>
         <value>0x176</value>
      </symbol>
      <symbol id="sm-37">
         <name>TBIV</name>
         <value>0x11e</value>
      </symbol>
      <symbol id="sm-38">
         <name>TBCTL</name>
         <value>0x180</value>
      </symbol>
      <symbol id="sm-39">
         <name>TBCCTL0</name>
         <value>0x182</value>
      </symbol>
      <symbol id="sm-3a">
         <name>TBCCTL1</name>
         <value>0x184</value>
      </symbol>
      <symbol id="sm-3b">
         <name>TBCCTL2</name>
         <value>0x186</value>
      </symbol>
      <symbol id="sm-3c">
         <name>TBR</name>
         <value>0x190</value>
      </symbol>
      <symbol id="sm-3d">
         <name>TBCCR0</name>
         <value>0x192</value>
      </symbol>
      <symbol id="sm-3e">
         <name>TBCCR1</name>
         <value>0x194</value>
      </symbol>
      <symbol id="sm-3f">
         <name>TBCCR2</name>
         <value>0x196</value>
      </symbol>
      <symbol id="sm-40">
         <name>UCA0CTL0</name>
         <value>0x60</value>
      </symbol>
      <symbol id="sm-41">
         <name>UCA0CTL1</name>
         <value>0x61</value>
      </symbol>
      <symbol id="sm-42">
         <name>UCA0BR0</name>
         <value>0x62</value>
      </symbol>
      <symbol id="sm-43">
         <name>UCA0BR1</name>
         <value>0x63</value>
      </symbol>
      <symbol id="sm-44">
         <name>UCA0MCTL</name>
         <value>0x64</value>
      </symbol>
      <symbol id="sm-45">
         <name>UCA0STAT</name>
         <value>0x65</value>
      </symbol>
      <symbol id="sm-46">
         <name>UCA0RXBUF</name>
         <value>0x66</value>
      </symbol>
      <symbol id="sm-47">
         <name>UCA0TXBUF</name>
         <value>0x67</value>
      </symbol>
      <symbol id="sm-48">
         <name>UCA0ABCTL</name>
         <value>0x5d</value>
      </symbol>
      <symbol id="sm-49">
         <name>UCA0IRTCTL</name>
         <value>0x5e</value>
      </symbol>
      <symbol id="sm-4a">
         <name>UCA0IRRCTL</name>
         <value>0x5f</value>
      </symbol>
      <symbol id="sm-4b">
         <name>UCB0CTL0</name>
         <value>0x68</value>
      </symbol>
      <symbol id="sm-4c">
         <name>UCB0CTL1</name>
         <value>0x69</value>
      </symbol>
      <symbol id="sm-4d">
         <name>UCB0BR0</name>
         <value>0x6a</value>
      </symbol>
      <symbol id="sm-4e">
         <name>UCB0BR1</name>
         <value>0x6b</value>
      </symbol>
      <symbol id="sm-4f">
         <name>UCB0I2CIE</name>
         <value>0x6c</value>
      </symbol>
      <symbol id="sm-50">
         <name>UCB0STAT</name>
         <value>0x6d</value>
      </symbol>
      <symbol id="sm-51">
         <name>UCB0RXBUF</name>
         <value>0x6e</value>
      </symbol>
      <symbol id="sm-52">
         <name>UCB0TXBUF</name>
         <value>0x6f</value>
      </symbol>
      <symbol id="sm-53">
         <name>UCB0I2COA</name>
         <value>0x118</value>
      </symbol>
      <symbol id="sm-54">
         <name>UCB0I2CSA</name>
         <value>0x11a</value>
      </symbol>
      <symbol id="sm-55">
         <name>WDTCTL</name>
         <value>0x120</value>
      </symbol>
      <symbol id="sm-56">
         <name>CALDCO_16MHZ</name>
         <value>0x10f8</value>
      </symbol>
      <symbol id="sm-57">
         <name>CALBC1_16MHZ</name>
         <value>0x10f9</value>
      </symbol>
      <symbol id="sm-58">
         <name>CALDCO_12MHZ</name>
         <value>0x10fa</value>
      </symbol>
      <symbol id="sm-59">
         <name>CALBC1_12MHZ</name>
         <value>0x10fb</value>
      </symbol>
      <symbol id="sm-5a">
         <name>CALDCO_8MHZ</name>
         <value>0x10fc</value>
      </symbol>
      <symbol id="sm-5b">
         <name>CALBC1_8MHZ</name>
         <value>0x10fd</value>
      </symbol>
      <symbol id="sm-5c">
         <name>CALDCO_1MHZ</name>
         <value>0x10fe</value>
      </symbol>
      <symbol id="sm-5d">
         <name>CALBC1_1MHZ</name>
         <value>0x10ff</value>
      </symbol>
      <symbol id="sm-5e">
         <name>__TI_CINIT_Base</name>
         <value>0x853e</value>
      </symbol>
      <symbol id="sm-5f">
         <name>__TI_CINIT_Limit</name>
         <value>0x8542</value>
      </symbol>
      <symbol id="sm-60">
         <name>__TI_Handler_Table_Base</name>
         <value>0x853c</value>
      </symbol>
      <symbol id="sm-61">
         <name>__TI_Handler_Table_Limit</name>
         <value>0x853e</value>
      </symbol>
      <symbol id="sm-62">
         <name>binit</name>
         <value>0xffffffff</value>
      </symbol>
      <symbol id="sm-63">
         <name>__binit__</name>
         <value>0xffffffff</value>
      </symbol>
      <symbol id="sm-64">
         <name>__STACK_SIZE</name>
         <value>0x50</value>
      </symbol>
      <symbol id="sm-65">
         <name>__STACK_END</name>
         <value>0x600</value>
      </symbol>
      <symbol id="sm-66">
         <name>__c_args__</name>
         <value>0xffffffff</value>
      </symbol>
      <symbol id="sm-b4">
         <name>TI_receive_callback</name>
         <value>0x200</value>
      </symbol>
      <symbol id="sm-b5">
         <name>TI_transmit_callback</name>
         <value>0x204</value>
      </symbol>
      <symbol id="sm-b6">
         <name>TI_start_callback</name>
         <value>0x202</value>
      </symbol>
      <symbol id="sm-b7">
         <name>TI_USCI_I2C_slaveinit</name>
         <value>0x83c6</value>
         <object_component_ref idref="oc-180"/>
      </symbol>
      <symbol id="sm-b8">
         <name>__TI_int06</name>
         <value>0xffec</value>
         <object_component_ref idref="oc-3e"/>
      </symbol>
      <symbol id="sm-b9">
         <name>__TI_int07</name>
         <value>0xffee</value>
         <object_component_ref idref="oc-3f"/>
      </symbol>
      <symbol id="sm-ba">
         <name>USCIAB0RX_ISR</name>
         <value>0x84b0</value>
         <object_component_ref idref="oc-b1"/>
      </symbol>
      <symbol id="sm-bb">
         <name>USCIAB0TX_ISR</name>
         <value>0x842a</value>
         <object_component_ref idref="oc-ab"/>
      </symbol>
      <symbol id="sm-f7">
         <name>receive_cb</name>
         <value>0x8524</value>
         <object_component_ref idref="oc-17a"/>
      </symbol>
      <symbol id="sm-f8">
         <name>EPS_init</name>
         <value>0x8256</value>
         <object_component_ref idref="oc-12d"/>
      </symbol>
      <symbol id="sm-f9">
         <name>transmit_cb</name>
         <value>0x84fc</value>
         <object_component_ref idref="oc-174"/>
      </symbol>
      <symbol id="sm-fa">
         <name>updateMeasurements</name>
         <value>0x83f8</value>
         <object_component_ref idref="oc-13f"/>
      </symbol>
      <symbol id="sm-fb">
         <name>main</name>
         <value>0x8000</value>
         <object_component_ref idref="oc-de"/>
      </symbol>
      <symbol id="sm-fc">
         <name>start_cb</name>
         <value>0x852a</value>
         <object_component_ref idref="oc-16e"/>
      </symbol>
      <symbol id="sm-105">
         <name>_stack</name>
         <value>0x5b0</value>
         <object_component_ref idref="oc-88"/>
      </symbol>
      <symbol id="sm-106">
         <name>_reset_vector</name>
         <value>0xfffe</value>
         <object_component_ref idref="oc-8b"/>
      </symbol>
      <symbol id="sm-111">
         <name>_c_int00_noargs_noexit</name>
         <value>0x84ce</value>
         <object_component_ref idref="oc-64"/>
      </symbol>
      <symbol id="sm-130">
         <name>__mspabi_cmpd</name>
         <value>0x817a</value>
         <object_component_ref idref="oc-139"/>
      </symbol>
      <symbol id="sm-14a">
         <name>__TI_zero_init</name>
         <value>0x84e8</value>
         <object_component_ref idref="oc-46"/>
      </symbol>
      <symbol id="sm-160">
         <name>__mspabi_cvtfd</name>
         <value>0x82c8</value>
         <object_component_ref idref="oc-133"/>
      </symbol>
      <symbol id="sm-169">
         <name>__mspabi_func_epilog_2</name>
         <value>0x8518</value>
         <object_component_ref idref="oc-107"/>
      </symbol>
      <symbol id="sm-16a">
         <name>__mspabi_func_epilog_3</name>
         <value>0x8516</value>
         <object_component_ref idref="oc-107"/>
      </symbol>
      <symbol id="sm-16b">
         <name>__mspabi_func_epilog_1</name>
         <value>0x851a</value>
         <object_component_ref idref="oc-107"/>
      </symbol>
      <symbol id="sm-16c">
         <name>__mspabi_func_epilog_6</name>
         <value>0x8510</value>
         <object_component_ref idref="oc-107"/>
      </symbol>
      <symbol id="sm-16d">
         <name>__mspabi_func_epilog_7</name>
         <value>0x850e</value>
         <object_component_ref idref="oc-107"/>
      </symbol>
      <symbol id="sm-16e">
         <name>__mspabi_func_epilog_4</name>
         <value>0x8514</value>
         <object_component_ref idref="oc-107"/>
      </symbol>
      <symbol id="sm-16f">
         <name>__mspabi_func_epilog_5</name>
         <value>0x8512</value>
         <object_component_ref idref="oc-107"/>
      </symbol>
      <symbol id="sm-17a">
         <name>C$$EXIT</name>
         <value>0x8534</value>
         <object_component_ref idref="oc-e6"/>
      </symbol>
      <symbol id="sm-17b">
         <name>abort</name>
         <value>0x8534</value>
         <object_component_ref idref="oc-e6"/>
      </symbol>
      <symbol id="sm-17e">
         <name>__TI_int02</name>
         <value>0xffe4</value>
         <object_component_ref idref="oc-3b"/>
      </symbol>
      <symbol id="sm-181">
         <name>__TI_int03</name>
         <value>0xffe6</value>
         <object_component_ref idref="oc-3c"/>
      </symbol>
      <symbol id="sm-184">
         <name>__TI_int05</name>
         <value>0xffea</value>
         <object_component_ref idref="oc-3d"/>
      </symbol>
      <symbol id="sm-187">
         <name>__TI_int08</name>
         <value>0xfff0</value>
         <object_component_ref idref="oc-40"/>
      </symbol>
      <symbol id="sm-18a">
         <name>__TI_int09</name>
         <value>0xfff2</value>
         <object_component_ref idref="oc-41"/>
      </symbol>
      <symbol id="sm-18d">
         <name>__TI_int10</name>
         <value>0xfff4</value>
         <object_component_ref idref="oc-42"/>
      </symbol>
      <symbol id="sm-190">
         <name>__TI_int12</name>
         <value>0xfff8</value>
         <object_component_ref idref="oc-43"/>
      </symbol>
      <symbol id="sm-193">
         <name>__TI_int13</name>
         <value>0xfffa</value>
         <object_component_ref idref="oc-44"/>
      </symbol>
      <symbol id="sm-196">
         <name>__TI_int14</name>
         <value>0xfffc</value>
         <object_component_ref idref="oc-45"/>
      </symbol>
      <symbol id="sm-19e">
         <name>__TI_ISR_TRAP</name>
         <value>0x851e</value>
         <object_component_ref idref="oc-a6"/>
      </symbol>
      <symbol id="sm-1a6">
         <name>__mspabi_slli</name>
         <value>0x8484</value>
         <object_component_ref idref="oc-18c"/>
      </symbol>
      <symbol id="sm-1a7">
         <name>__mspabi_slli_9</name>
         <value>0x849c</value>
         <object_component_ref idref="oc-18c"/>
      </symbol>
      <symbol id="sm-1a8">
         <name>__mspabi_slli_8</name>
         <value>0x849e</value>
         <object_component_ref idref="oc-18c"/>
      </symbol>
      <symbol id="sm-1a9">
         <name>__mspabi_slli_7</name>
         <value>0x84a0</value>
         <object_component_ref idref="oc-18c"/>
      </symbol>
      <symbol id="sm-1aa">
         <name>__mspabi_slli_6</name>
         <value>0x84a2</value>
         <object_component_ref idref="oc-18c"/>
      </symbol>
      <symbol id="sm-1ab">
         <name>__mspabi_slli_5</name>
         <value>0x84a4</value>
         <object_component_ref idref="oc-18c"/>
      </symbol>
      <symbol id="sm-1ac">
         <name>__mspabi_slli_4</name>
         <value>0x84a6</value>
         <object_component_ref idref="oc-18c"/>
      </symbol>
      <symbol id="sm-1ad">
         <name>__mspabi_slli_3</name>
         <value>0x84a8</value>
         <object_component_ref idref="oc-18c"/>
      </symbol>
      <symbol id="sm-1ae">
         <name>__mspabi_slli_2</name>
         <value>0x84aa</value>
         <object_component_ref idref="oc-18c"/>
      </symbol>
      <symbol id="sm-1af">
         <name>__mspabi_slli_1</name>
         <value>0x84ac</value>
         <object_component_ref idref="oc-18c"/>
      </symbol>
      <symbol id="sm-1b0">
         <name>__mspabi_slli_15</name>
         <value>0x8490</value>
         <object_component_ref idref="oc-18c"/>
      </symbol>
      <symbol id="sm-1b1">
         <name>__mspabi_slli_14</name>
         <value>0x8492</value>
         <object_component_ref idref="oc-18c"/>
      </symbol>
      <symbol id="sm-1b2">
         <name>__mspabi_slli_13</name>
         <value>0x8494</value>
         <object_component_ref idref="oc-18c"/>
      </symbol>
      <symbol id="sm-1b3">
         <name>__mspabi_slli_12</name>
         <value>0x8496</value>
         <object_component_ref idref="oc-18c"/>
      </symbol>
      <symbol id="sm-1b4">
         <name>__mspabi_slli_11</name>
         <value>0x8498</value>
         <object_component_ref idref="oc-18c"/>
      </symbol>
      <symbol id="sm-1b5">
         <name>__mspabi_slli_10</name>
         <value>0x849a</value>
         <object_component_ref idref="oc-18c"/>
      </symbol>
      <symbol id="sm-1c0">
         <name>_system_pre_init</name>
         <value>0x8530</value>
         <object_component_ref idref="oc-be"/>
      </symbol>
      <symbol id="sm-1cb">
         <name>__mspabi_srai</name>
         <value>0x8458</value>
         <object_component_ref idref="oc-187"/>
      </symbol>
      <symbol id="sm-1cc">
         <name>__mspabi_srai_8</name>
         <value>0x8472</value>
         <object_component_ref idref="oc-187"/>
      </symbol>
      <symbol id="sm-1cd">
         <name>__mspabi_srai_9</name>
         <value>0x8470</value>
         <object_component_ref idref="oc-187"/>
      </symbol>
      <symbol id="sm-1ce">
         <name>__mspabi_srai_6</name>
         <value>0x8476</value>
         <object_component_ref idref="oc-187"/>
      </symbol>
      <symbol id="sm-1cf">
         <name>__mspabi_srai_7</name>
         <value>0x8474</value>
         <object_component_ref idref="oc-187"/>
      </symbol>
      <symbol id="sm-1d0">
         <name>__mspabi_srai_4</name>
         <value>0x847a</value>
         <object_component_ref idref="oc-187"/>
      </symbol>
      <symbol id="sm-1d1">
         <name>__mspabi_srai_5</name>
         <value>0x8478</value>
         <object_component_ref idref="oc-187"/>
      </symbol>
      <symbol id="sm-1d2">
         <name>__mspabi_srai_2</name>
         <value>0x847e</value>
         <object_component_ref idref="oc-187"/>
      </symbol>
      <symbol id="sm-1d3">
         <name>__mspabi_srai_3</name>
         <value>0x847c</value>
         <object_component_ref idref="oc-187"/>
      </symbol>
      <symbol id="sm-1d4">
         <name>__mspabi_srai_1</name>
         <value>0x8480</value>
         <object_component_ref idref="oc-187"/>
      </symbol>
      <symbol id="sm-1d5">
         <name>__mspabi_srai_15</name>
         <value>0x8464</value>
         <object_component_ref idref="oc-187"/>
      </symbol>
      <symbol id="sm-1d6">
         <name>__mspabi_srai_14</name>
         <value>0x8466</value>
         <object_component_ref idref="oc-187"/>
      </symbol>
      <symbol id="sm-1d7">
         <name>__mspabi_srai_13</name>
         <value>0x8468</value>
         <object_component_ref idref="oc-187"/>
      </symbol>
      <symbol id="sm-1d8">
         <name>__mspabi_srai_12</name>
         <value>0x846a</value>
         <object_component_ref idref="oc-187"/>
      </symbol>
      <symbol id="sm-1d9">
         <name>__mspabi_srai_11</name>
         <value>0x846c</value>
         <object_component_ref idref="oc-187"/>
      </symbol>
      <symbol id="sm-1da">
         <name>__mspabi_srai_10</name>
         <value>0x846e</value>
         <object_component_ref idref="oc-187"/>
      </symbol>
      <symbol id="sm-1e2">
         <name>__mspabi_sral_15</name>
         <value>0x8388</value>
         <object_component_ref idref="oc-191"/>
      </symbol>
      <symbol id="sm-1e3">
         <name>__mspabi_sral_14</name>
         <value>0x838c</value>
         <object_component_ref idref="oc-191"/>
      </symbol>
      <symbol id="sm-1e4">
         <name>__mspabi_sral_13</name>
         <value>0x8390</value>
         <object_component_ref idref="oc-191"/>
      </symbol>
      <symbol id="sm-1e5">
         <name>__mspabi_sral_12</name>
         <value>0x8394</value>
         <object_component_ref idref="oc-191"/>
      </symbol>
      <symbol id="sm-1e6">
         <name>__mspabi_sral_11</name>
         <value>0x8398</value>
         <object_component_ref idref="oc-191"/>
      </symbol>
      <symbol id="sm-1e7">
         <name>__mspabi_sral_10</name>
         <value>0x839c</value>
         <object_component_ref idref="oc-191"/>
      </symbol>
      <symbol id="sm-1e8">
         <name>__mspabi_sral_8</name>
         <value>0x83a4</value>
         <object_component_ref idref="oc-191"/>
      </symbol>
      <symbol id="sm-1e9">
         <name>__mspabi_sral_9</name>
         <value>0x83a0</value>
         <object_component_ref idref="oc-191"/>
      </symbol>
      <symbol id="sm-1ea">
         <name>__mspabi_sral_6</name>
         <value>0x83ac</value>
         <object_component_ref idref="oc-191"/>
      </symbol>
      <symbol id="sm-1eb">
         <name>__mspabi_sral_7</name>
         <value>0x83a8</value>
         <object_component_ref idref="oc-191"/>
      </symbol>
      <symbol id="sm-1ec">
         <name>__mspabi_sral_4</name>
         <value>0x83b4</value>
         <object_component_ref idref="oc-191"/>
      </symbol>
      <symbol id="sm-1ed">
         <name>__mspabi_sral_5</name>
         <value>0x83b0</value>
         <object_component_ref idref="oc-191"/>
      </symbol>
      <symbol id="sm-1ee">
         <name>__mspabi_sral_2</name>
         <value>0x83bc</value>
         <object_component_ref idref="oc-191"/>
      </symbol>
      <symbol id="sm-1ef">
         <name>__mspabi_sral_3</name>
         <value>0x83b8</value>
         <object_component_ref idref="oc-191"/>
      </symbol>
      <symbol id="sm-1f0">
         <name>__mspabi_sral_1</name>
         <value>0x83c0</value>
         <object_component_ref idref="oc-191"/>
      </symbol>
      <symbol id="sm-207">
         <name>_auto_init</name>
         <value>0x8330</value>
         <object_component_ref idref="oc-c4"/>
      </symbol>
      <symbol id="sm-209">
         <name>__TI_INITARRAY_Base</name>
         <value>0x0</value>
      </symbol>
      <symbol id="sm-20a">
         <name>__TI_INITARRAY_Limit</name>
         <value>0x0</value>
      </symbol>
   </symbol_table>
   <title>Link successful</title>
</link_info>
